---
source: src/tui/tests/snapshots.rs
expression: rendered
---
 Tasks  │  Reviews  │  ▸ Security (4)   [Tab] tasks  [Esc] back                                                   🔕  [N]
▸ Backlog (4)                 ◦ Ongoing (0)                 ◦ Action Required (0)         ◦ Done (0)
Updated 0s ago  [r] refresh
▌ #4 Alert 4 [DEP]
  [CRIT] some-pkg · <1h
▎ #3 Alert 3 [DEP]
  [HIGH] some-pkg · <1h
▎ #2 Alert 2 [DEP]
  [MED]  some-pkg · <1h
▎ #1 Alert 1 [DEP]
  [LOW]  some-pkg · <1h




























[Enter] detail  [d]ispatch  [p] open  [m] forward  [M] back  [f]ilter  [Tab] tasks  [?] help  [q]uit
